ARM GAS  C:\Users\puria\AppData\Local\Temp\ccaNJG2c.s 			page 1


   1              		.syntax unified
   2              		.cpu cortex-m0
   3              		.fpu softvfp
   4              		.eabi_attribute 20, 1
   5              		.eabi_attribute 21, 1
   6              		.eabi_attribute 23, 3
   7              		.eabi_attribute 24, 1
   8              		.eabi_attribute 25, 1
   9              		.eabi_attribute 26, 1
  10              		.eabi_attribute 30, 6
  11              		.eabi_attribute 34, 0
  12              		.eabi_attribute 18, 4
  13              		.thumb
  14              		.syntax unified
  15              		.file	"cyfitter_cfg.c"
  16              		.text
  17              	.Ltext0:
  18              		.cfi_sections	.debug_frame
  19              		.section	.text.CYMEMZERO,"ax",%progbits
  20              		.align	2
  21              		.code	16
  22              		.thumb_func
  23              		.type	CYMEMZERO, %function
  24              	CYMEMZERO:
  25              	.LFB2:
  26              		.file 1 "Generated_Source\\PSoC4\\cyfitter_cfg.c"
   1:Generated_Source\PSoC4/cyfitter_cfg.c **** 
   2:Generated_Source\PSoC4/cyfitter_cfg.c **** /*******************************************************************************
   3:Generated_Source\PSoC4/cyfitter_cfg.c **** * File Name: cyfitter_cfg.c
   4:Generated_Source\PSoC4/cyfitter_cfg.c **** * 
   5:Generated_Source\PSoC4/cyfitter_cfg.c **** * PSoC Creator  4.1
   6:Generated_Source\PSoC4/cyfitter_cfg.c **** *
   7:Generated_Source\PSoC4/cyfitter_cfg.c **** * Description:
   8:Generated_Source\PSoC4/cyfitter_cfg.c **** * This file contains device initialization code.
   9:Generated_Source\PSoC4/cyfitter_cfg.c **** * Except for the user defined sections in CyClockStartupError(), this file should not be modified.
  10:Generated_Source\PSoC4/cyfitter_cfg.c **** * This file is automatically generated by PSoC Creator.
  11:Generated_Source\PSoC4/cyfitter_cfg.c **** *
  12:Generated_Source\PSoC4/cyfitter_cfg.c **** ********************************************************************************
  13:Generated_Source\PSoC4/cyfitter_cfg.c **** * Copyright (c) 2007-2017 Cypress Semiconductor.  All rights reserved.
  14:Generated_Source\PSoC4/cyfitter_cfg.c **** * You may use this file only in accordance with the license, terms, conditions, 
  15:Generated_Source\PSoC4/cyfitter_cfg.c **** * disclaimers, and limitations in the end user license agreement accompanying 
  16:Generated_Source\PSoC4/cyfitter_cfg.c **** * the software package with which this file was provided.
  17:Generated_Source\PSoC4/cyfitter_cfg.c **** ********************************************************************************/
  18:Generated_Source\PSoC4/cyfitter_cfg.c **** 
  19:Generated_Source\PSoC4/cyfitter_cfg.c **** #include <string.h>
  20:Generated_Source\PSoC4/cyfitter_cfg.c **** #include "cytypes.h"
  21:Generated_Source\PSoC4/cyfitter_cfg.c **** #include "cydevice_trm.h"
  22:Generated_Source\PSoC4/cyfitter_cfg.c **** #include "cyfitter.h"
  23:Generated_Source\PSoC4/cyfitter_cfg.c **** #include "CyLib.h"
  24:Generated_Source\PSoC4/cyfitter_cfg.c **** #include "CyLFClk.h"
  25:Generated_Source\PSoC4/cyfitter_cfg.c **** #include "cyfitter_cfg.h"
  26:Generated_Source\PSoC4/cyfitter_cfg.c **** #include "cyapicallbacks.h"
  27:Generated_Source\PSoC4/cyfitter_cfg.c **** 
  28:Generated_Source\PSoC4/cyfitter_cfg.c **** 
  29:Generated_Source\PSoC4/cyfitter_cfg.c **** #if defined(__GNUC__) || defined(__ARMCC_VERSION)
  30:Generated_Source\PSoC4/cyfitter_cfg.c ****     #define CYPACKED 
  31:Generated_Source\PSoC4/cyfitter_cfg.c ****     #define CYPACKED_ATTR __attribute__ ((packed))
ARM GAS  C:\Users\puria\AppData\Local\Temp\ccaNJG2c.s 			page 2


  32:Generated_Source\PSoC4/cyfitter_cfg.c ****     #define CYALIGNED __attribute__ ((aligned))
  33:Generated_Source\PSoC4/cyfitter_cfg.c ****     #define CY_CFG_UNUSED __attribute__ ((unused))
  34:Generated_Source\PSoC4/cyfitter_cfg.c ****     #ifndef CY_CFG_SECTION
  35:Generated_Source\PSoC4/cyfitter_cfg.c ****         #define CY_CFG_SECTION __attribute__ ((section(".psocinit")))
  36:Generated_Source\PSoC4/cyfitter_cfg.c ****     #endif
  37:Generated_Source\PSoC4/cyfitter_cfg.c ****     
  38:Generated_Source\PSoC4/cyfitter_cfg.c ****     #if defined(__ARMCC_VERSION)
  39:Generated_Source\PSoC4/cyfitter_cfg.c ****         #define CY_CFG_MEMORY_BARRIER() __memory_changed()
  40:Generated_Source\PSoC4/cyfitter_cfg.c ****     #else
  41:Generated_Source\PSoC4/cyfitter_cfg.c ****         #define CY_CFG_MEMORY_BARRIER() __sync_synchronize()
  42:Generated_Source\PSoC4/cyfitter_cfg.c ****     #endif
  43:Generated_Source\PSoC4/cyfitter_cfg.c ****     
  44:Generated_Source\PSoC4/cyfitter_cfg.c **** #elif defined(__ICCARM__)
  45:Generated_Source\PSoC4/cyfitter_cfg.c ****     #include <intrinsics.h>
  46:Generated_Source\PSoC4/cyfitter_cfg.c **** 
  47:Generated_Source\PSoC4/cyfitter_cfg.c ****     #define CYPACKED __packed
  48:Generated_Source\PSoC4/cyfitter_cfg.c ****     #define CYPACKED_ATTR 
  49:Generated_Source\PSoC4/cyfitter_cfg.c ****     #define CYALIGNED _Pragma("data_alignment=4")
  50:Generated_Source\PSoC4/cyfitter_cfg.c ****     #define CY_CFG_UNUSED _Pragma("diag_suppress=Pe177")
  51:Generated_Source\PSoC4/cyfitter_cfg.c ****     #define CY_CFG_SECTION _Pragma("location=\".psocinit\"")
  52:Generated_Source\PSoC4/cyfitter_cfg.c ****     
  53:Generated_Source\PSoC4/cyfitter_cfg.c ****     #define CY_CFG_MEMORY_BARRIER() __DMB()
  54:Generated_Source\PSoC4/cyfitter_cfg.c ****     
  55:Generated_Source\PSoC4/cyfitter_cfg.c **** #else
  56:Generated_Source\PSoC4/cyfitter_cfg.c ****     #error Unsupported toolchain
  57:Generated_Source\PSoC4/cyfitter_cfg.c **** #endif
  58:Generated_Source\PSoC4/cyfitter_cfg.c **** 
  59:Generated_Source\PSoC4/cyfitter_cfg.c **** #ifndef CYCODE
  60:Generated_Source\PSoC4/cyfitter_cfg.c ****     #define CYCODE
  61:Generated_Source\PSoC4/cyfitter_cfg.c **** #endif
  62:Generated_Source\PSoC4/cyfitter_cfg.c **** #ifndef CYDATA
  63:Generated_Source\PSoC4/cyfitter_cfg.c ****     #define CYDATA
  64:Generated_Source\PSoC4/cyfitter_cfg.c **** #endif
  65:Generated_Source\PSoC4/cyfitter_cfg.c **** #ifndef CYFAR
  66:Generated_Source\PSoC4/cyfitter_cfg.c ****     #define CYFAR
  67:Generated_Source\PSoC4/cyfitter_cfg.c **** #endif
  68:Generated_Source\PSoC4/cyfitter_cfg.c **** #ifndef CYXDATA
  69:Generated_Source\PSoC4/cyfitter_cfg.c ****     #define CYXDATA
  70:Generated_Source\PSoC4/cyfitter_cfg.c **** #endif
  71:Generated_Source\PSoC4/cyfitter_cfg.c **** 
  72:Generated_Source\PSoC4/cyfitter_cfg.c **** 
  73:Generated_Source\PSoC4/cyfitter_cfg.c **** CY_CFG_UNUSED
  74:Generated_Source\PSoC4/cyfitter_cfg.c **** static void CYMEMZERO(void *s, size_t n);
  75:Generated_Source\PSoC4/cyfitter_cfg.c **** CY_CFG_UNUSED
  76:Generated_Source\PSoC4/cyfitter_cfg.c **** static void CYMEMZERO(void *s, size_t n)
  77:Generated_Source\PSoC4/cyfitter_cfg.c **** {
  27              		.loc 1 77 0
  28              		.cfi_startproc
  29              		@ args = 0, pretend = 0, frame = 8
  30              		@ frame_needed = 1, uses_anonymous_args = 0
  31 0000 80B5     		push	{r7, lr}
  32              		.cfi_def_cfa_offset 8
  33              		.cfi_offset 7, -8
  34              		.cfi_offset 14, -4
  35 0002 82B0     		sub	sp, sp, #8
  36              		.cfi_def_cfa_offset 16
  37 0004 00AF     		add	r7, sp, #0
ARM GAS  C:\Users\puria\AppData\Local\Temp\ccaNJG2c.s 			page 3


  38              		.cfi_def_cfa_register 7
  39 0006 7860     		str	r0, [r7, #4]
  40 0008 3960     		str	r1, [r7]
  78:Generated_Source\PSoC4/cyfitter_cfg.c **** 	(void)memset(s, 0, n);
  41              		.loc 1 78 0
  42 000a 3A68     		ldr	r2, [r7]
  43 000c 7B68     		ldr	r3, [r7, #4]
  44 000e 0021     		movs	r1, #0
  45 0010 1800     		movs	r0, r3
  46 0012 FFF7FEFF 		bl	memset
  79:Generated_Source\PSoC4/cyfitter_cfg.c **** }
  47              		.loc 1 79 0
  48 0016 C046     		nop
  49 0018 BD46     		mov	sp, r7
  50 001a 02B0     		add	sp, sp, #8
  51              		@ sp needed
  52 001c 80BD     		pop	{r7, pc}
  53              		.cfi_endproc
  54              	.LFE2:
  55              		.size	CYMEMZERO, .-CYMEMZERO
  56 001e C046     		.section	.text.CYCONFIGCPY,"ax",%progbits
  57              		.align	2
  58              		.code	16
  59              		.thumb_func
  60              		.type	CYCONFIGCPY, %function
  61              	CYCONFIGCPY:
  62              	.LFB3:
  80:Generated_Source\PSoC4/cyfitter_cfg.c **** CY_CFG_UNUSED
  81:Generated_Source\PSoC4/cyfitter_cfg.c **** static void CYCONFIGCPY(void *dest, const void *src, size_t n);
  82:Generated_Source\PSoC4/cyfitter_cfg.c **** CY_CFG_UNUSED
  83:Generated_Source\PSoC4/cyfitter_cfg.c **** static void CYCONFIGCPY(void *dest, const void *src, size_t n)
  84:Generated_Source\PSoC4/cyfitter_cfg.c **** {
  63              		.loc 1 84 0
  64              		.cfi_startproc
  65              		@ args = 0, pretend = 0, frame = 16
  66              		@ frame_needed = 1, uses_anonymous_args = 0
  67 0000 80B5     		push	{r7, lr}
  68              		.cfi_def_cfa_offset 8
  69              		.cfi_offset 7, -8
  70              		.cfi_offset 14, -4
  71 0002 84B0     		sub	sp, sp, #16
  72              		.cfi_def_cfa_offset 24
  73 0004 00AF     		add	r7, sp, #0
  74              		.cfi_def_cfa_register 7
  75 0006 F860     		str	r0, [r7, #12]
  76 0008 B960     		str	r1, [r7, #8]
  77 000a 7A60     		str	r2, [r7, #4]
  85:Generated_Source\PSoC4/cyfitter_cfg.c **** 	(void)memcpy(dest, src, n);
  78              		.loc 1 85 0
  79 000c 7A68     		ldr	r2, [r7, #4]
  80 000e B968     		ldr	r1, [r7, #8]
  81 0010 FB68     		ldr	r3, [r7, #12]
  82 0012 1800     		movs	r0, r3
  83 0014 FFF7FEFF 		bl	memcpy
  86:Generated_Source\PSoC4/cyfitter_cfg.c **** }
  84              		.loc 1 86 0
  85 0018 C046     		nop
ARM GAS  C:\Users\puria\AppData\Local\Temp\ccaNJG2c.s 			page 4


  86 001a BD46     		mov	sp, r7
  87 001c 04B0     		add	sp, sp, #16
  88              		@ sp needed
  89 001e 80BD     		pop	{r7, pc}
  90              		.cfi_endproc
  91              	.LFE3:
  92              		.size	CYCONFIGCPY, .-CYCONFIGCPY
  93              		.section	.text.CYCONFIGCPYCODE,"ax",%progbits
  94              		.align	2
  95              		.code	16
  96              		.thumb_func
  97              		.type	CYCONFIGCPYCODE, %function
  98              	CYCONFIGCPYCODE:
  99              	.LFB4:
  87:Generated_Source\PSoC4/cyfitter_cfg.c **** CY_CFG_UNUSED
  88:Generated_Source\PSoC4/cyfitter_cfg.c **** static void CYCONFIGCPYCODE(void *dest, const void *src, size_t n);
  89:Generated_Source\PSoC4/cyfitter_cfg.c **** CY_CFG_UNUSED
  90:Generated_Source\PSoC4/cyfitter_cfg.c **** static void CYCONFIGCPYCODE(void *dest, const void *src, size_t n)
  91:Generated_Source\PSoC4/cyfitter_cfg.c **** {
 100              		.loc 1 91 0
 101              		.cfi_startproc
 102              		@ args = 0, pretend = 0, frame = 16
 103              		@ frame_needed = 1, uses_anonymous_args = 0
 104 0000 80B5     		push	{r7, lr}
 105              		.cfi_def_cfa_offset 8
 106              		.cfi_offset 7, -8
 107              		.cfi_offset 14, -4
 108 0002 84B0     		sub	sp, sp, #16
 109              		.cfi_def_cfa_offset 24
 110 0004 00AF     		add	r7, sp, #0
 111              		.cfi_def_cfa_register 7
 112 0006 F860     		str	r0, [r7, #12]
 113 0008 B960     		str	r1, [r7, #8]
 114 000a 7A60     		str	r2, [r7, #4]
  92:Generated_Source\PSoC4/cyfitter_cfg.c **** 	(void)memcpy(dest, src, n);
 115              		.loc 1 92 0
 116 000c 7A68     		ldr	r2, [r7, #4]
 117 000e B968     		ldr	r1, [r7, #8]
 118 0010 FB68     		ldr	r3, [r7, #12]
 119 0012 1800     		movs	r0, r3
 120 0014 FFF7FEFF 		bl	memcpy
  93:Generated_Source\PSoC4/cyfitter_cfg.c **** }
 121              		.loc 1 93 0
 122 0018 C046     		nop
 123 001a BD46     		mov	sp, r7
 124 001c 04B0     		add	sp, sp, #16
 125              		@ sp needed
 126 001e 80BD     		pop	{r7, pc}
 127              		.cfi_endproc
 128              	.LFE4:
 129              		.size	CYCONFIGCPYCODE, .-CYCONFIGCPYCODE
 130              		.section	.psocinit,"ax",%progbits
 131              		.align	2
 132              		.code	16
 133              		.thumb_func
 134              		.type	ClockSetup, %function
 135              	ClockSetup:
ARM GAS  C:\Users\puria\AppData\Local\Temp\ccaNJG2c.s 			page 5


 136              	.LFB5:
  94:Generated_Source\PSoC4/cyfitter_cfg.c **** 
  95:Generated_Source\PSoC4/cyfitter_cfg.c **** 
  96:Generated_Source\PSoC4/cyfitter_cfg.c **** 
  97:Generated_Source\PSoC4/cyfitter_cfg.c **** 
  98:Generated_Source\PSoC4/cyfitter_cfg.c **** /* Clock startup error codes                                                   */
  99:Generated_Source\PSoC4/cyfitter_cfg.c **** #define CYCLOCKSTART_NO_ERROR    0u
 100:Generated_Source\PSoC4/cyfitter_cfg.c **** #define CYCLOCKSTART_XTAL_ERROR  1u
 101:Generated_Source\PSoC4/cyfitter_cfg.c **** #define CYCLOCKSTART_32KHZ_ERROR 2u
 102:Generated_Source\PSoC4/cyfitter_cfg.c **** #define CYCLOCKSTART_PLL_ERROR   3u
 103:Generated_Source\PSoC4/cyfitter_cfg.c **** #define CYCLOCKSTART_FLL_ERROR   4u
 104:Generated_Source\PSoC4/cyfitter_cfg.c **** 
 105:Generated_Source\PSoC4/cyfitter_cfg.c **** 
 106:Generated_Source\PSoC4/cyfitter_cfg.c **** #ifdef CY_NEED_CYCLOCKSTARTUPERROR
 107:Generated_Source\PSoC4/cyfitter_cfg.c **** /*******************************************************************************
 108:Generated_Source\PSoC4/cyfitter_cfg.c **** * Function Name: CyClockStartupError
 109:Generated_Source\PSoC4/cyfitter_cfg.c **** ********************************************************************************
 110:Generated_Source\PSoC4/cyfitter_cfg.c **** * Summary:
 111:Generated_Source\PSoC4/cyfitter_cfg.c **** *  If an error is encountered during clock configuration (crystal startup error,
 112:Generated_Source\PSoC4/cyfitter_cfg.c **** *  PLL lock error, etc.), the system will end up here.  Unless reimplemented by
 113:Generated_Source\PSoC4/cyfitter_cfg.c **** *  the customer, this function will stop in an infinite loop.
 114:Generated_Source\PSoC4/cyfitter_cfg.c **** *
 115:Generated_Source\PSoC4/cyfitter_cfg.c **** * Parameters:
 116:Generated_Source\PSoC4/cyfitter_cfg.c **** *   void
 117:Generated_Source\PSoC4/cyfitter_cfg.c **** *
 118:Generated_Source\PSoC4/cyfitter_cfg.c **** * Return:
 119:Generated_Source\PSoC4/cyfitter_cfg.c **** *   void
 120:Generated_Source\PSoC4/cyfitter_cfg.c **** *
 121:Generated_Source\PSoC4/cyfitter_cfg.c **** *******************************************************************************/
 122:Generated_Source\PSoC4/cyfitter_cfg.c **** CY_CFG_UNUSED
 123:Generated_Source\PSoC4/cyfitter_cfg.c **** static void CyClockStartupError(uint8 errorCode);
 124:Generated_Source\PSoC4/cyfitter_cfg.c **** CY_CFG_UNUSED
 125:Generated_Source\PSoC4/cyfitter_cfg.c **** static void CyClockStartupError(uint8 errorCode)
 126:Generated_Source\PSoC4/cyfitter_cfg.c **** {
 127:Generated_Source\PSoC4/cyfitter_cfg.c ****     /* To remove the compiler warning if errorCode not used. */
 128:Generated_Source\PSoC4/cyfitter_cfg.c **** #if defined(CY_PSOC3) && (CY_PSOC3)
 129:Generated_Source\PSoC4/cyfitter_cfg.c ****     errorCode = errorCode;
 130:Generated_Source\PSoC4/cyfitter_cfg.c **** #else
 131:Generated_Source\PSoC4/cyfitter_cfg.c ****     (void)errorCode;
 132:Generated_Source\PSoC4/cyfitter_cfg.c **** #endif /* CY_PSOC3 */
 133:Generated_Source\PSoC4/cyfitter_cfg.c **** 
 134:Generated_Source\PSoC4/cyfitter_cfg.c ****     /* If we have a clock startup error (bad MHz crystal, PLL lock, etc.),  */
 135:Generated_Source\PSoC4/cyfitter_cfg.c ****     /* we will end up here to allow the customer to implement something to  */
 136:Generated_Source\PSoC4/cyfitter_cfg.c ****     /* deal with the clock condition.                                       */
 137:Generated_Source\PSoC4/cyfitter_cfg.c **** 
 138:Generated_Source\PSoC4/cyfitter_cfg.c **** #ifdef CY_CFG_CLOCK_STARTUP_ERROR_CALLBACK
 139:Generated_Source\PSoC4/cyfitter_cfg.c ****     CY_CFG_Clock_Startup_ErrorCallback();
 140:Generated_Source\PSoC4/cyfitter_cfg.c **** #else
 141:Generated_Source\PSoC4/cyfitter_cfg.c ****     /*  If not using CY_CFG_CLOCK_STARTUP_ERROR_CALLBACK, place your clock startup code here. */
 142:Generated_Source\PSoC4/cyfitter_cfg.c ****     /* `#START CyClockStartupError` */
 143:Generated_Source\PSoC4/cyfitter_cfg.c **** 
 144:Generated_Source\PSoC4/cyfitter_cfg.c **** 
 145:Generated_Source\PSoC4/cyfitter_cfg.c **** 
 146:Generated_Source\PSoC4/cyfitter_cfg.c ****     /* `#END` */
 147:Generated_Source\PSoC4/cyfitter_cfg.c **** 
 148:Generated_Source\PSoC4/cyfitter_cfg.c ****     while(1) {}
 149:Generated_Source\PSoC4/cyfitter_cfg.c **** #endif /* CY_CFG_CLOCK_STARTUP_ERROR_CALLBACK */
ARM GAS  C:\Users\puria\AppData\Local\Temp\ccaNJG2c.s 			page 6


 150:Generated_Source\PSoC4/cyfitter_cfg.c **** }
 151:Generated_Source\PSoC4/cyfitter_cfg.c **** #endif
 152:Generated_Source\PSoC4/cyfitter_cfg.c **** 
 153:Generated_Source\PSoC4/cyfitter_cfg.c **** 
 154:Generated_Source\PSoC4/cyfitter_cfg.c **** 
 155:Generated_Source\PSoC4/cyfitter_cfg.c **** /*******************************************************************************
 156:Generated_Source\PSoC4/cyfitter_cfg.c **** * Function Name: ClockSetup
 157:Generated_Source\PSoC4/cyfitter_cfg.c **** ********************************************************************************
 158:Generated_Source\PSoC4/cyfitter_cfg.c **** *
 159:Generated_Source\PSoC4/cyfitter_cfg.c **** * Summary:
 160:Generated_Source\PSoC4/cyfitter_cfg.c **** *   Performs the initialization of all of the clocks in the device based on the
 161:Generated_Source\PSoC4/cyfitter_cfg.c **** *   settings in the Clock tab of the DWR.  This includes enabling the requested
 162:Generated_Source\PSoC4/cyfitter_cfg.c **** *   clocks and setting the necessary dividers to produce the desired frequency. 
 163:Generated_Source\PSoC4/cyfitter_cfg.c **** *
 164:Generated_Source\PSoC4/cyfitter_cfg.c **** * Parameters:
 165:Generated_Source\PSoC4/cyfitter_cfg.c **** *   void
 166:Generated_Source\PSoC4/cyfitter_cfg.c **** *
 167:Generated_Source\PSoC4/cyfitter_cfg.c **** * Return:
 168:Generated_Source\PSoC4/cyfitter_cfg.c **** *   void
 169:Generated_Source\PSoC4/cyfitter_cfg.c **** *
 170:Generated_Source\PSoC4/cyfitter_cfg.c **** *******************************************************************************/
 171:Generated_Source\PSoC4/cyfitter_cfg.c **** static void ClockSetup(void);
 172:Generated_Source\PSoC4/cyfitter_cfg.c **** CY_CFG_SECTION
 173:Generated_Source\PSoC4/cyfitter_cfg.c **** static void ClockSetup(void)
 174:Generated_Source\PSoC4/cyfitter_cfg.c **** {
 137              		.loc 1 174 0
 138              		.cfi_startproc
 139              		@ args = 0, pretend = 0, frame = 0
 140              		@ frame_needed = 1, uses_anonymous_args = 0
 141 0000 80B5     		push	{r7, lr}
 142              		.cfi_def_cfa_offset 8
 143              		.cfi_offset 7, -8
 144              		.cfi_offset 14, -4
 145 0002 00AF     		add	r7, sp, #0
 146              		.cfi_def_cfa_register 7
 175:Generated_Source\PSoC4/cyfitter_cfg.c **** 
 176:Generated_Source\PSoC4/cyfitter_cfg.c **** 	/* Set Flash Cycles based on max possible frequency in case a glitch occurs during ClockSetup(). *
 177:Generated_Source\PSoC4/cyfitter_cfg.c **** 	CY_SET_REG32((void CYXDATA *)(CYREG_CPUSS_FLASH_CTL), (0x0012u));
 147              		.loc 1 177 0
 148 0004 284B     		ldr	r3, .L5
 149 0006 1222     		movs	r2, #18
 150 0008 1A60     		str	r2, [r3]
 178:Generated_Source\PSoC4/cyfitter_cfg.c **** 
 179:Generated_Source\PSoC4/cyfitter_cfg.c **** 	/* Start the WCO */
 180:Generated_Source\PSoC4/cyfitter_cfg.c **** 	CySysClkWcoStart();
 151              		.loc 1 180 0
 152 000a FFF7FEFF 		bl	CySysClkWcoStart
 181:Generated_Source\PSoC4/cyfitter_cfg.c **** 	CyDelayCycles(12000000u); /* WCO may take up to 500ms to start */
 153              		.loc 1 181 0
 154 000e 274B     		ldr	r3, .L5+4
 155 0010 1800     		movs	r0, r3
 156 0012 FFF7FEFF 		bl	CyDelayCycles
 182:Generated_Source\PSoC4/cyfitter_cfg.c **** 	(void)CySysClkWcoSetPowerMode(CY_SYS_CLK_WCO_LPM);    /* Switch to the low power mode */
 157              		.loc 1 182 0
 158 0016 0120     		movs	r0, #1
 159 0018 FFF7FEFF 		bl	CySysClkWcoSetPowerMode
 183:Generated_Source\PSoC4/cyfitter_cfg.c **** 
ARM GAS  C:\Users\puria\AppData\Local\Temp\ccaNJG2c.s 			page 7


 184:Generated_Source\PSoC4/cyfitter_cfg.c **** 	/* Setup and trim IMO based on desired frequency. */
 185:Generated_Source\PSoC4/cyfitter_cfg.c **** 	CySysClkWriteImoFreq(48u);
 160              		.loc 1 185 0
 161 001c 3020     		movs	r0, #48
 162 001e FFF7FEFF 		bl	CySysClkWriteImoFreq
 186:Generated_Source\PSoC4/cyfitter_cfg.c **** 	/* CYDEV_CLK_ILO_CONFIG Starting address: CYDEV_CLK_ILO_CONFIG */
 187:Generated_Source\PSoC4/cyfitter_cfg.c **** 	CY_SET_REG32((void *)(CYREG_CLK_ILO_CONFIG), 0x80000006u);
 163              		.loc 1 187 0
 164 0022 234B     		ldr	r3, .L5+8
 165 0024 234A     		ldr	r2, .L5+12
 166 0026 1A60     		str	r2, [r3]
 188:Generated_Source\PSoC4/cyfitter_cfg.c **** 
 189:Generated_Source\PSoC4/cyfitter_cfg.c **** 	/* CYDEV_WDT_CONFIG Starting address: CYDEV_WDT_CONFIG */
 190:Generated_Source\PSoC4/cyfitter_cfg.c **** 	CY_SET_REG32((void *)(CYREG_WDT_CONFIG), 0x40000000u);
 167              		.loc 1 190 0
 168 0028 234B     		ldr	r3, .L5+16
 169 002a 8022     		movs	r2, #128
 170 002c D205     		lsls	r2, r2, #23
 171 002e 1A60     		str	r2, [r3]
 191:Generated_Source\PSoC4/cyfitter_cfg.c **** 
 192:Generated_Source\PSoC4/cyfitter_cfg.c **** 
 193:Generated_Source\PSoC4/cyfitter_cfg.c **** 	/* Enable fast start mode for XO */
 194:Generated_Source\PSoC4/cyfitter_cfg.c **** 	CY_SET_REG32((void*)CYREG_BLE_BLERD_BB_XO, CY_GET_REG32((void*)CYREG_BLE_BLERD_BB_XO) | (uint32)0x
 172              		.loc 1 194 0
 173 0030 224B     		ldr	r3, .L5+20
 174 0032 224A     		ldr	r2, .L5+20
 175 0034 1268     		ldr	r2, [r2]
 176 0036 0221     		movs	r1, #2
 177 0038 0A43     		orrs	r2, r1
 178 003a 1A60     		str	r2, [r3]
 195:Generated_Source\PSoC4/cyfitter_cfg.c **** 	CY_SET_REG32((void *)(CYREG_BLE_BLERD_BB_XO_CAPTRIM), 0x00006969u);
 179              		.loc 1 195 0
 180 003c 204B     		ldr	r3, .L5+24
 181 003e 214A     		ldr	r2, .L5+28
 182 0040 1A60     		str	r2, [r3]
 196:Generated_Source\PSoC4/cyfitter_cfg.c **** 	/*Set XTAL(ECO) divider*/
 197:Generated_Source\PSoC4/cyfitter_cfg.c **** 	CY_SET_REG32((void *)(CYREG_BLE_BLESS_XTAL_CLK_DIV_CONFIG), 0x00000000u);
 183              		.loc 1 197 0
 184 0042 214B     		ldr	r3, .L5+32
 185 0044 0022     		movs	r2, #0
 186 0046 1A60     		str	r2, [r3]
 198:Generated_Source\PSoC4/cyfitter_cfg.c **** 	/* Disable Crystal Stable Interrupt before enabling ECO */
 199:Generated_Source\PSoC4/cyfitter_cfg.c **** 	CY_SET_REG32((void*)CYREG_BLE_BLESS_LL_DSM_CTRL, CY_GET_REG32((void*)CYREG_BLE_BLESS_LL_DSM_CTRL) 
 187              		.loc 1 199 0
 188 0048 204B     		ldr	r3, .L5+36
 189 004a 204A     		ldr	r2, .L5+36
 190 004c 1268     		ldr	r2, [r2]
 191 004e 0821     		movs	r1, #8
 192 0050 8A43     		bics	r2, r1
 193 0052 1A60     		str	r2, [r3]
 200:Generated_Source\PSoC4/cyfitter_cfg.c **** 	/* Start the ECO and do not check status since it is not needed for HFCLK */
 201:Generated_Source\PSoC4/cyfitter_cfg.c **** 	(void)CySysClkEcoStart(2000u);
 194              		.loc 1 201 0
 195 0054 FA23     		movs	r3, #250
 196 0056 DB00     		lsls	r3, r3, #3
 197 0058 1800     		movs	r0, r3
 198 005a FFF7FEFF 		bl	CySysClkEcoStart
ARM GAS  C:\Users\puria\AppData\Local\Temp\ccaNJG2c.s 			page 8


 202:Generated_Source\PSoC4/cyfitter_cfg.c **** 	CyDelayUs(1500u); /* Wait to stabilize */
 199              		.loc 1 202 0
 200 005e 1C4B     		ldr	r3, .L5+40
 201 0060 1800     		movs	r0, r3
 202 0062 FFF7FEFF 		bl	CyDelayUs
 203:Generated_Source\PSoC4/cyfitter_cfg.c **** 
 204:Generated_Source\PSoC4/cyfitter_cfg.c **** 	/* Setup phase aligned clocks */
 205:Generated_Source\PSoC4/cyfitter_cfg.c **** 	CY_SET_REG32((void *)CYREG_PERI_DIV_16_CTL0, 0x0001A000u);
 203              		.loc 1 205 0
 204 0066 1B4B     		ldr	r3, .L5+44
 205 0068 D022     		movs	r2, #208
 206 006a 5202     		lsls	r2, r2, #9
 207 006c 1A60     		str	r2, [r3]
 206:Generated_Source\PSoC4/cyfitter_cfg.c **** 	CY_SET_REG32((void *)CYREG_PERI_DIV_CMD, 0x8000FF40u);
 208              		.loc 1 206 0
 209 006e 1A4B     		ldr	r3, .L5+48
 210 0070 1A4A     		ldr	r2, .L5+52
 211 0072 1A60     		str	r2, [r3]
 207:Generated_Source\PSoC4/cyfitter_cfg.c **** 
 208:Generated_Source\PSoC4/cyfitter_cfg.c **** 	/* CYDEV_CLK_IMO_CONFIG Starting address: CYDEV_CLK_IMO_CONFIG */
 209:Generated_Source\PSoC4/cyfitter_cfg.c **** 	CY_SET_REG32((void *)(CYREG_CLK_IMO_CONFIG), 0x80000000u);
 212              		.loc 1 209 0
 213 0074 1A4B     		ldr	r3, .L5+56
 214 0076 8022     		movs	r2, #128
 215 0078 1206     		lsls	r2, r2, #24
 216 007a 1A60     		str	r2, [r3]
 210:Generated_Source\PSoC4/cyfitter_cfg.c **** 
 211:Generated_Source\PSoC4/cyfitter_cfg.c **** 	/* CYDEV_CLK_SELECT Starting address: CYDEV_CLK_SELECT */
 212:Generated_Source\PSoC4/cyfitter_cfg.c **** 	CY_SET_REG32((void *)(CYREG_CLK_SELECT), 0x00040000u);
 217              		.loc 1 212 0
 218 007c 194B     		ldr	r3, .L5+60
 219 007e 8022     		movs	r2, #128
 220 0080 D202     		lsls	r2, r2, #11
 221 0082 1A60     		str	r2, [r3]
 213:Generated_Source\PSoC4/cyfitter_cfg.c **** 
 214:Generated_Source\PSoC4/cyfitter_cfg.c **** 	/* CYDEV_PERI_PCLK_CTL1 Starting address: CYDEV_PERI_PCLK_CTL1 */
 215:Generated_Source\PSoC4/cyfitter_cfg.c **** 	CY_SET_REG32((void *)(CYREG_PERI_PCLK_CTL1), 0x00000040u);
 222              		.loc 1 215 0
 223 0084 184B     		ldr	r3, .L5+64
 224 0086 4022     		movs	r2, #64
 225 0088 1A60     		str	r2, [r3]
 216:Generated_Source\PSoC4/cyfitter_cfg.c **** 
 217:Generated_Source\PSoC4/cyfitter_cfg.c **** 	(void)CyIntSetVector(8u, &CySysWdtIsr);
 226              		.loc 1 217 0
 227 008a 184B     		ldr	r3, .L5+68
 228 008c 1900     		movs	r1, r3
 229 008e 0820     		movs	r0, #8
 230 0090 FFF7FEFF 		bl	CyIntSetVector
 218:Generated_Source\PSoC4/cyfitter_cfg.c **** 	CyIntEnable(8u);
 231              		.loc 1 218 0
 232 0094 0820     		movs	r0, #8
 233 0096 FFF7FEFF 		bl	CyIntEnable
 219:Generated_Source\PSoC4/cyfitter_cfg.c **** 	CY_SET_REG32((void *)(CYREG_WDT_CONFIG), 0x40000000u);
 234              		.loc 1 219 0
 235 009a 074B     		ldr	r3, .L5+16
 236 009c 8022     		movs	r2, #128
 237 009e D205     		lsls	r2, r2, #23
ARM GAS  C:\Users\puria\AppData\Local\Temp\ccaNJG2c.s 			page 9


 238 00a0 1A60     		str	r2, [r3]
 220:Generated_Source\PSoC4/cyfitter_cfg.c **** }
 239              		.loc 1 220 0
 240 00a2 C046     		nop
 241 00a4 BD46     		mov	sp, r7
 242              		@ sp needed
 243 00a6 80BD     		pop	{r7, pc}
 244              	.L6:
 245              		.align	2
 246              	.L5:
 247 00a8 30001040 		.word	1074790448
 248 00ac 001BB700 		.word	12000000
 249 00b0 04010B40 		.word	1074462980
 250 00b4 06000080 		.word	-2147483642
 251 00b8 0C020B40 		.word	1074463244
 252 00bc 78002E40 		.word	1076756600
 253 00c0 7C002E40 		.word	1076756604
 254 00c4 69690000 		.word	26985
 255 00c8 64F02E40 		.word	1076818020
 256 00cc 6CF02E40 		.word	1076818028
 257 00d0 DC050000 		.word	1500
 258 00d4 00030140 		.word	1073808128
 259 00d8 00000140 		.word	1073807360
 260 00dc 40FF0080 		.word	-2147418304
 261 00e0 08010B40 		.word	1074462984
 262 00e4 00010B40 		.word	1074462976
 263 00e8 04010140 		.word	1073807620
 264 00ec 00000000 		.word	CySysWdtIsr
 265              		.cfi_endproc
 266              	.LFE5:
 267              		.size	ClockSetup, .-ClockSetup
 268              		.section	.text.AnalogSetDefault,"ax",%progbits
 269              		.align	2
 270              		.code	16
 271              		.thumb_func
 272              		.type	AnalogSetDefault, %function
 273              	AnalogSetDefault:
 274              	.LFB6:
 221:Generated_Source\PSoC4/cyfitter_cfg.c **** 
 222:Generated_Source\PSoC4/cyfitter_cfg.c **** 
 223:Generated_Source\PSoC4/cyfitter_cfg.c **** /* Analog API Functions */
 224:Generated_Source\PSoC4/cyfitter_cfg.c **** 
 225:Generated_Source\PSoC4/cyfitter_cfg.c **** 
 226:Generated_Source\PSoC4/cyfitter_cfg.c **** /*******************************************************************************
 227:Generated_Source\PSoC4/cyfitter_cfg.c **** * Function Name: AnalogSetDefault
 228:Generated_Source\PSoC4/cyfitter_cfg.c **** ********************************************************************************
 229:Generated_Source\PSoC4/cyfitter_cfg.c **** *
 230:Generated_Source\PSoC4/cyfitter_cfg.c **** * Summary:
 231:Generated_Source\PSoC4/cyfitter_cfg.c **** *  Sets up the analog portions of the chip to default values based on chip
 232:Generated_Source\PSoC4/cyfitter_cfg.c **** *  configuration options from the project.
 233:Generated_Source\PSoC4/cyfitter_cfg.c **** *
 234:Generated_Source\PSoC4/cyfitter_cfg.c **** * Parameters:
 235:Generated_Source\PSoC4/cyfitter_cfg.c **** *  void
 236:Generated_Source\PSoC4/cyfitter_cfg.c **** *
 237:Generated_Source\PSoC4/cyfitter_cfg.c **** * Return:
 238:Generated_Source\PSoC4/cyfitter_cfg.c **** *  void
 239:Generated_Source\PSoC4/cyfitter_cfg.c **** *
ARM GAS  C:\Users\puria\AppData\Local\Temp\ccaNJG2c.s 			page 10


 240:Generated_Source\PSoC4/cyfitter_cfg.c **** *******************************************************************************/
 241:Generated_Source\PSoC4/cyfitter_cfg.c **** static void AnalogSetDefault(void);
 242:Generated_Source\PSoC4/cyfitter_cfg.c **** static void AnalogSetDefault(void)
 243:Generated_Source\PSoC4/cyfitter_cfg.c **** {
 275              		.loc 1 243 0
 276              		.cfi_startproc
 277              		@ args = 0, pretend = 0, frame = 0
 278              		@ frame_needed = 1, uses_anonymous_args = 0
 279 0000 80B5     		push	{r7, lr}
 280              		.cfi_def_cfa_offset 8
 281              		.cfi_offset 7, -8
 282              		.cfi_offset 14, -4
 283 0002 00AF     		add	r7, sp, #0
 284              		.cfi_def_cfa_register 7
 244:Generated_Source\PSoC4/cyfitter_cfg.c **** 	CY_SET_XTND_REG32((void CYFAR *)CYREG_CTBM0_DFT_CTRL, 0x00000003u);
 285              		.loc 1 244 0
 286 0004 054B     		ldr	r3, .L8
 287 0006 0322     		movs	r2, #3
 288 0008 1A60     		str	r2, [r3]
 245:Generated_Source\PSoC4/cyfitter_cfg.c **** 	CY_SET_XTND_REG32((void CYFAR *)CYREG_CTBM1_DFT_CTRL, 0x00000003u);
 289              		.loc 1 245 0
 290 000a 054B     		ldr	r3, .L8+4
 291 000c 0322     		movs	r2, #3
 292 000e 1A60     		str	r2, [r3]
 246:Generated_Source\PSoC4/cyfitter_cfg.c **** 	CY_SET_XTND_REG32((void CYFAR *)CYREG_PASS_DSAB_DSAB_CTRL, 0x00000000u);
 293              		.loc 1 246 0
 294 0010 044B     		ldr	r3, .L8+8
 295 0012 0022     		movs	r2, #0
 296 0014 1A60     		str	r2, [r3]
 247:Generated_Source\PSoC4/cyfitter_cfg.c **** }
 297              		.loc 1 247 0
 298 0016 C046     		nop
 299 0018 BD46     		mov	sp, r7
 300              		@ sp needed
 301 001a 80BD     		pop	{r7, pc}
 302              	.L9:
 303              		.align	2
 304              	.L8:
 305 001c 30003040 		.word	1076887600
 306 0020 30003140 		.word	1076953136
 307 0024 000E3F40 		.word	1077874176
 308              		.cfi_endproc
 309              	.LFE6:
 310              		.size	AnalogSetDefault, .-AnalogSetDefault
 311              		.section	.psocinit
 312              		.align	2
 313              		.global	cyfitter_cfg
 314              		.code	16
 315              		.thumb_func
 316              		.type	cyfitter_cfg, %function
 317              	cyfitter_cfg:
 318              	.LFB7:
 248:Generated_Source\PSoC4/cyfitter_cfg.c **** 
 249:Generated_Source\PSoC4/cyfitter_cfg.c **** 
 250:Generated_Source\PSoC4/cyfitter_cfg.c **** 
 251:Generated_Source\PSoC4/cyfitter_cfg.c **** 
 252:Generated_Source\PSoC4/cyfitter_cfg.c **** /*******************************************************************************
ARM GAS  C:\Users\puria\AppData\Local\Temp\ccaNJG2c.s 			page 11


 253:Generated_Source\PSoC4/cyfitter_cfg.c **** * Function Name: cyfitter_cfg
 254:Generated_Source\PSoC4/cyfitter_cfg.c **** ********************************************************************************
 255:Generated_Source\PSoC4/cyfitter_cfg.c **** * Summary:
 256:Generated_Source\PSoC4/cyfitter_cfg.c **** *  This function is called by the start-up code for the selected device. It
 257:Generated_Source\PSoC4/cyfitter_cfg.c **** *  performs all of the necessary device configuration based on the design
 258:Generated_Source\PSoC4/cyfitter_cfg.c **** *  settings.  This includes settings from the Design Wide Resources (DWR) such
 259:Generated_Source\PSoC4/cyfitter_cfg.c **** *  as Clocks and Pins as well as any component configuration that is necessary.
 260:Generated_Source\PSoC4/cyfitter_cfg.c **** *
 261:Generated_Source\PSoC4/cyfitter_cfg.c **** * Parameters:
 262:Generated_Source\PSoC4/cyfitter_cfg.c **** *   void
 263:Generated_Source\PSoC4/cyfitter_cfg.c **** *
 264:Generated_Source\PSoC4/cyfitter_cfg.c **** * Return:
 265:Generated_Source\PSoC4/cyfitter_cfg.c **** *   void
 266:Generated_Source\PSoC4/cyfitter_cfg.c **** *
 267:Generated_Source\PSoC4/cyfitter_cfg.c **** *******************************************************************************/
 268:Generated_Source\PSoC4/cyfitter_cfg.c **** CY_CFG_SECTION
 269:Generated_Source\PSoC4/cyfitter_cfg.c **** void cyfitter_cfg(void)
 270:Generated_Source\PSoC4/cyfitter_cfg.c **** {
 319              		.loc 1 270 0
 320              		.cfi_startproc
 321              		@ args = 0, pretend = 0, frame = 8
 322              		@ frame_needed = 1, uses_anonymous_args = 0
 323 00f0 80B5     		push	{r7, lr}
 324              		.cfi_def_cfa_offset 8
 325              		.cfi_offset 7, -8
 326              		.cfi_offset 14, -4
 327 00f2 82B0     		sub	sp, sp, #8
 328              		.cfi_def_cfa_offset 16
 329 00f4 00AF     		add	r7, sp, #0
 330              		.cfi_def_cfa_register 7
 271:Generated_Source\PSoC4/cyfitter_cfg.c **** 	/* Disable interrupts by default. Let user enable if/when they want. */
 272:Generated_Source\PSoC4/cyfitter_cfg.c **** 	CyGlobalIntDisable;
 331              		.loc 1 272 0
 332              		.syntax divided
 333              	@ 272 "Generated_Source\PSoC4\cyfitter_cfg.c" 1
 334 00f6 72B6     		CPSID   i
 335              	@ 0 "" 2
 273:Generated_Source\PSoC4/cyfitter_cfg.c **** 
 274:Generated_Source\PSoC4/cyfitter_cfg.c **** 	CY_SET_REG32((void *)(CYREG_BLE_BLESS_LL_DSM_CTRL), 0x00000000u);
 336              		.loc 1 274 0
 337              		.thumb
 338              		.syntax unified
 339 00f8 2C4B     		ldr	r3, .L13
 340 00fa 0022     		movs	r2, #0
 341 00fc 1A60     		str	r2, [r3]
 342              	.LBB2:
 275:Generated_Source\PSoC4/cyfitter_cfg.c **** 
 276:Generated_Source\PSoC4/cyfitter_cfg.c **** 	{
 277:Generated_Source\PSoC4/cyfitter_cfg.c **** 
 278:Generated_Source\PSoC4/cyfitter_cfg.c **** 		CYPACKED typedef struct {
 279:Generated_Source\PSoC4/cyfitter_cfg.c **** 			void CYFAR *address;
 280:Generated_Source\PSoC4/cyfitter_cfg.c **** 			uint16 size;
 281:Generated_Source\PSoC4/cyfitter_cfg.c **** 		} CYPACKED_ATTR cfg_memset_t;
 282:Generated_Source\PSoC4/cyfitter_cfg.c **** 
 283:Generated_Source\PSoC4/cyfitter_cfg.c **** 		static const cfg_memset_t CYCODE cfg_memset_list[] = {
 284:Generated_Source\PSoC4/cyfitter_cfg.c **** 			/* address, size */
 285:Generated_Source\PSoC4/cyfitter_cfg.c **** 			{(void CYFAR *)(CYDEV_UDB_P0_U0_BASE), 1024u},
ARM GAS  C:\Users\puria\AppData\Local\Temp\ccaNJG2c.s 			page 12


 286:Generated_Source\PSoC4/cyfitter_cfg.c **** 			{(void CYFAR *)(CYDEV_UDB_DSI0_BASE), 1024u},
 287:Generated_Source\PSoC4/cyfitter_cfg.c **** 		};
 288:Generated_Source\PSoC4/cyfitter_cfg.c **** 
 289:Generated_Source\PSoC4/cyfitter_cfg.c **** 		uint8 CYDATA i;
 290:Generated_Source\PSoC4/cyfitter_cfg.c **** 
 291:Generated_Source\PSoC4/cyfitter_cfg.c **** 		/* Zero out critical memory blocks before beginning configuration */
 292:Generated_Source\PSoC4/cyfitter_cfg.c **** 		for (i = 0u; i < (sizeof(cfg_memset_list)/sizeof(cfg_memset_list[0])); i++)
 343              		.loc 1 292 0
 344 00fe FB1D     		adds	r3, r7, #7
 345 0100 0022     		movs	r2, #0
 346 0102 1A70     		strb	r2, [r3]
 347 0104 22E0     		b	.L11
 348              	.L12:
 349              	.LBB3:
 293:Generated_Source\PSoC4/cyfitter_cfg.c **** 		{
 294:Generated_Source\PSoC4/cyfitter_cfg.c **** 			const cfg_memset_t CYCODE * CYDATA ms = &cfg_memset_list[i];
 350              		.loc 1 294 0 discriminator 3
 351 0106 FB1D     		adds	r3, r7, #7
 352 0108 1A78     		ldrb	r2, [r3]
 353 010a 1300     		movs	r3, r2
 354 010c 5B00     		lsls	r3, r3, #1
 355 010e 9B18     		adds	r3, r3, r2
 356 0110 5B00     		lsls	r3, r3, #1
 357 0112 274A     		ldr	r2, .L13+4
 358 0114 9B18     		adds	r3, r3, r2
 359 0116 3B60     		str	r3, [r7]
 295:Generated_Source\PSoC4/cyfitter_cfg.c **** 			CYMEMZERO(ms->address, (size_t)(uint32)(ms->size));
 360              		.loc 1 295 0 discriminator 3
 361 0118 3B68     		ldr	r3, [r7]
 362 011a 1A78     		ldrb	r2, [r3]
 363 011c 5978     		ldrb	r1, [r3, #1]
 364 011e 0902     		lsls	r1, r1, #8
 365 0120 0A43     		orrs	r2, r1
 366 0122 9978     		ldrb	r1, [r3, #2]
 367 0124 0904     		lsls	r1, r1, #16
 368 0126 0A43     		orrs	r2, r1
 369 0128 DB78     		ldrb	r3, [r3, #3]
 370 012a 1B06     		lsls	r3, r3, #24
 371 012c 1343     		orrs	r3, r2
 372 012e 1800     		movs	r0, r3
 373 0130 3B68     		ldr	r3, [r7]
 374 0132 1A79     		ldrb	r2, [r3, #4]
 375 0134 5B79     		ldrb	r3, [r3, #5]
 376 0136 1B02     		lsls	r3, r3, #8
 377 0138 1343     		orrs	r3, r2
 378 013a 9BB2     		uxth	r3, r3
 379 013c 1900     		movs	r1, r3
 380 013e FFF7FEFF 		bl	CYMEMZERO
 381              	.LBE3:
 292:Generated_Source\PSoC4/cyfitter_cfg.c **** 		{
 382              		.loc 1 292 0 discriminator 3
 383 0142 FB1D     		adds	r3, r7, #7
 384 0144 1A78     		ldrb	r2, [r3]
 385 0146 FB1D     		adds	r3, r7, #7
 386 0148 0132     		adds	r2, r2, #1
 387 014a 1A70     		strb	r2, [r3]
 388              	.L11:
ARM GAS  C:\Users\puria\AppData\Local\Temp\ccaNJG2c.s 			page 13


 292:Generated_Source\PSoC4/cyfitter_cfg.c **** 		{
 389              		.loc 1 292 0 is_stmt 0 discriminator 1
 390 014c FB1D     		adds	r3, r7, #7
 391 014e 1B78     		ldrb	r3, [r3]
 392 0150 012B     		cmp	r3, #1
 393 0152 D8D9     		bls	.L12
 296:Generated_Source\PSoC4/cyfitter_cfg.c **** 		}
 297:Generated_Source\PSoC4/cyfitter_cfg.c **** 
 298:Generated_Source\PSoC4/cyfitter_cfg.c **** 		/* HSIOM Starting address: CYDEV_HSIOM_BASE */
 299:Generated_Source\PSoC4/cyfitter_cfg.c **** 		CY_SET_REG32((void *)(CYDEV_HSIOM_BASE), 0xEE990000u);
 394              		.loc 1 299 0 is_stmt 1
 395 0154 174B     		ldr	r3, .L13+8
 396 0156 184A     		ldr	r2, .L13+12
 397 0158 1A60     		str	r2, [r3]
 300:Generated_Source\PSoC4/cyfitter_cfg.c **** 
 301:Generated_Source\PSoC4/cyfitter_cfg.c **** 		/* UDB_PA_0 Starting address: CYDEV_UDB_PA0_BASE */
 302:Generated_Source\PSoC4/cyfitter_cfg.c **** 		CY_SET_REG32((void *)(CYDEV_UDB_PA0_BASE), 0x00990000u);
 398              		.loc 1 302 0
 399 015a 184B     		ldr	r3, .L13+16
 400 015c 9922     		movs	r2, #153
 401 015e 1204     		lsls	r2, r2, #16
 402 0160 1A60     		str	r2, [r3]
 303:Generated_Source\PSoC4/cyfitter_cfg.c **** 
 304:Generated_Source\PSoC4/cyfitter_cfg.c **** 		/* UDB_PA_1 Starting address: CYDEV_UDB_PA1_BASE */
 305:Generated_Source\PSoC4/cyfitter_cfg.c **** 		CY_SET_REG32((void *)(CYDEV_UDB_PA1_BASE), 0x00990000u);
 403              		.loc 1 305 0
 404 0162 174B     		ldr	r3, .L13+20
 405 0164 9922     		movs	r2, #153
 406 0166 1204     		lsls	r2, r2, #16
 407 0168 1A60     		str	r2, [r3]
 306:Generated_Source\PSoC4/cyfitter_cfg.c **** 
 307:Generated_Source\PSoC4/cyfitter_cfg.c **** 		/* Enable digital routing */
 308:Generated_Source\PSoC4/cyfitter_cfg.c **** 		CY_SET_XTND_REG8((void *)CYREG_UDB_UDBIF_BANK_CTL, (uint8)(CY_GET_XTND_REG8((void *)CYREG_UDB_UDB
 408              		.loc 1 308 0
 409 016a 164A     		ldr	r2, .L13+24
 410 016c 154B     		ldr	r3, .L13+24
 411 016e 1B78     		ldrb	r3, [r3]
 412 0170 DBB2     		uxtb	r3, r3
 413 0172 0621     		movs	r1, #6
 414 0174 0B43     		orrs	r3, r1
 415 0176 DBB2     		uxtb	r3, r3
 416 0178 1370     		strb	r3, [r2]
 417              	.LBE2:
 309:Generated_Source\PSoC4/cyfitter_cfg.c **** 	}
 310:Generated_Source\PSoC4/cyfitter_cfg.c **** 
 311:Generated_Source\PSoC4/cyfitter_cfg.c **** 	/* Perform second pass device configuration. These items must be configured in specific order afte
 312:Generated_Source\PSoC4/cyfitter_cfg.c **** 	/* IOPINS0_0 Starting address: CYDEV_GPIO_PRT0_BASE */
 313:Generated_Source\PSoC4/cyfitter_cfg.c **** 	CY_SET_REG32((void *)(CYDEV_GPIO_PRT0_BASE), 0x00000020u);
 418              		.loc 1 313 0
 419 017a 134B     		ldr	r3, .L13+28
 420 017c 2022     		movs	r2, #32
 421 017e 1A60     		str	r2, [r3]
 314:Generated_Source\PSoC4/cyfitter_cfg.c **** 	CY_SET_REG32((void *)(CYREG_GPIO_PRT0_PC), 0x00DB1000u);
 422              		.loc 1 314 0
 423 0180 124B     		ldr	r3, .L13+32
 424 0182 134A     		ldr	r2, .L13+36
 425 0184 1A60     		str	r2, [r3]
ARM GAS  C:\Users\puria\AppData\Local\Temp\ccaNJG2c.s 			page 14


 315:Generated_Source\PSoC4/cyfitter_cfg.c **** 	CY_SET_REG32((void *)(CYREG_GPIO_PRT0_PC2), 0x00000020u);
 426              		.loc 1 315 0
 427 0186 134B     		ldr	r3, .L13+40
 428 0188 2022     		movs	r2, #32
 429 018a 1A60     		str	r2, [r3]
 316:Generated_Source\PSoC4/cyfitter_cfg.c **** 
 317:Generated_Source\PSoC4/cyfitter_cfg.c **** 	/* IOPINS0_1 Starting address: CYDEV_GPIO_PRT1_BASE */
 318:Generated_Source\PSoC4/cyfitter_cfg.c **** 	CY_SET_REG32((void *)(CYDEV_GPIO_PRT1_BASE), 0x00000050u);
 430              		.loc 1 318 0
 431 018c 124B     		ldr	r3, .L13+44
 432 018e 5022     		movs	r2, #80
 433 0190 1A60     		str	r2, [r3]
 319:Generated_Source\PSoC4/cyfitter_cfg.c **** 	CY_SET_REG32((void *)(CYREG_GPIO_PRT1_PC), 0x00104000u);
 434              		.loc 1 319 0
 435 0192 124B     		ldr	r3, .L13+48
 436 0194 8222     		movs	r2, #130
 437 0196 5203     		lsls	r2, r2, #13
 438 0198 1A60     		str	r2, [r3]
 320:Generated_Source\PSoC4/cyfitter_cfg.c **** 
 321:Generated_Source\PSoC4/cyfitter_cfg.c **** 
 322:Generated_Source\PSoC4/cyfitter_cfg.c **** 	/* Setup clocks based on selections from Clock DWR */
 323:Generated_Source\PSoC4/cyfitter_cfg.c **** 	ClockSetup();
 439              		.loc 1 323 0
 440 019a FFF731FF 		bl	ClockSetup
 324:Generated_Source\PSoC4/cyfitter_cfg.c **** 
 325:Generated_Source\PSoC4/cyfitter_cfg.c **** 	/* Perform basic analog initialization to defaults */
 326:Generated_Source\PSoC4/cyfitter_cfg.c **** 	AnalogSetDefault();
 441              		.loc 1 326 0
 442 019e FFF7FEFF 		bl	AnalogSetDefault
 327:Generated_Source\PSoC4/cyfitter_cfg.c **** 
 328:Generated_Source\PSoC4/cyfitter_cfg.c **** }
 443              		.loc 1 328 0
 444 01a2 C046     		nop
 445 01a4 BD46     		mov	sp, r7
 446 01a6 02B0     		add	sp, sp, #8
 447              		@ sp needed
 448 01a8 80BD     		pop	{r7, pc}
 449              	.L14:
 450 01aa C046     		.align	2
 451              	.L13:
 452 01ac 6CF02E40 		.word	1076818028
 453 01b0 00000000 		.word	cfg_memset_list.4884
 454 01b4 00000240 		.word	1073872896
 455 01b8 000099EE 		.word	-291962880
 456 01bc 00500F40 		.word	1074745344
 457 01c0 10500F40 		.word	1074745360
 458 01c4 00700F40 		.word	1074753536
 459 01c8 00000440 		.word	1074003968
 460 01cc 08000440 		.word	1074003976
 461 01d0 0010DB00 		.word	14356480
 462 01d4 18000440 		.word	1074003992
 463 01d8 00010440 		.word	1074004224
 464 01dc 08010440 		.word	1074004232
 465              		.cfi_endproc
 466              	.LFE7:
 467              		.size	cyfitter_cfg, .-cyfitter_cfg
 468              		.section	.rodata
ARM GAS  C:\Users\puria\AppData\Local\Temp\ccaNJG2c.s 			page 15


 469              		.align	2
 470              		.type	cfg_memset_list.4884, %object
 471              		.size	cfg_memset_list.4884, 12
 472              	cfg_memset_list.4884:
 473 0000 00300F40 		.word	1074737152
 474 0004 0004     		.short	1024
 475 0006 00400F40 		.4byte	1074741248
 476 000a 0004     		.short	1024
 477              		.text
 478              	.Letext0:
 479              		.file 2 "c:\\program files (x86)\\cypress\\psoc creator\\4.1\\psoc creator\\import\\gnu\\arm\\5.4.
 480              		.file 3 "Generated_Source\\PSoC4\\cytypes.h"
 481              		.section	.debug_info,"",%progbits
 482              	.Ldebug_info0:
 483 0000 55020000 		.4byte	0x255
 484 0004 0400     		.2byte	0x4
 485 0006 00000000 		.4byte	.Ldebug_abbrev0
 486 000a 04       		.byte	0x4
 487 000b 01       		.uleb128 0x1
 488 000c 83000000 		.4byte	.LASF30
 489 0010 0C       		.byte	0xc
 490 0011 FE010000 		.4byte	.LASF31
 491 0015 1F010000 		.4byte	.LASF32
 492 0019 00000000 		.4byte	.Ldebug_ranges0+0
 493 001d 00000000 		.4byte	0
 494 0021 00000000 		.4byte	.Ldebug_line0
 495 0025 02       		.uleb128 0x2
 496 0026 04       		.byte	0x4
 497 0027 05       		.byte	0x5
 498 0028 696E7400 		.ascii	"int\000"
 499 002c 03       		.uleb128 0x3
 500 002d 06000000 		.4byte	.LASF12
 501 0031 02       		.byte	0x2
 502 0032 D8       		.byte	0xd8
 503 0033 37000000 		.4byte	0x37
 504 0037 04       		.uleb128 0x4
 505 0038 04       		.byte	0x4
 506 0039 07       		.byte	0x7
 507 003a 7E010000 		.4byte	.LASF0
 508 003e 04       		.uleb128 0x4
 509 003f 08       		.byte	0x8
 510 0040 05       		.byte	0x5
 511 0041 C0010000 		.4byte	.LASF1
 512 0045 04       		.uleb128 0x4
 513 0046 08       		.byte	0x8
 514 0047 04       		.byte	0x4
 515 0048 E6010000 		.4byte	.LASF2
 516 004c 04       		.uleb128 0x4
 517 004d 01       		.byte	0x1
 518 004e 06       		.byte	0x6
 519 004f F2010000 		.4byte	.LASF3
 520 0053 04       		.uleb128 0x4
 521 0054 01       		.byte	0x1
 522 0055 08       		.byte	0x8
 523 0056 11010000 		.4byte	.LASF4
 524 005a 04       		.uleb128 0x4
 525 005b 02       		.byte	0x2
ARM GAS  C:\Users\puria\AppData\Local\Temp\ccaNJG2c.s 			page 16


 526 005c 05       		.byte	0x5
 527 005d D3010000 		.4byte	.LASF5
 528 0061 04       		.uleb128 0x4
 529 0062 02       		.byte	0x2
 530 0063 07       		.byte	0x7
 531 0064 39000000 		.4byte	.LASF6
 532 0068 04       		.uleb128 0x4
 533 0069 04       		.byte	0x4
 534 006a 05       		.byte	0x5
 535 006b DD010000 		.4byte	.LASF7
 536 006f 04       		.uleb128 0x4
 537 0070 04       		.byte	0x4
 538 0071 07       		.byte	0x7
 539 0072 61000000 		.4byte	.LASF8
 540 0076 04       		.uleb128 0x4
 541 0077 08       		.byte	0x8
 542 0078 07       		.byte	0x7
 543 0079 93010000 		.4byte	.LASF9
 544 007d 04       		.uleb128 0x4
 545 007e 04       		.byte	0x4
 546 007f 07       		.byte	0x7
 547 0080 B7010000 		.4byte	.LASF10
 548 0084 05       		.uleb128 0x5
 549 0085 04       		.byte	0x4
 550 0086 04       		.uleb128 0x4
 551 0087 01       		.byte	0x1
 552 0088 08       		.byte	0x8
 553 0089 CE010000 		.4byte	.LASF11
 554 008d 06       		.uleb128 0x6
 555 008e 73000000 		.4byte	.LASF13
 556 0092 03       		.byte	0x3
 557 0093 D201     		.2byte	0x1d2
 558 0095 53000000 		.4byte	0x53
 559 0099 06       		.uleb128 0x6
 560 009a 70010000 		.4byte	.LASF14
 561 009e 03       		.byte	0x3
 562 009f D301     		.2byte	0x1d3
 563 00a1 61000000 		.4byte	0x61
 564 00a5 06       		.uleb128 0x6
 565 00a6 77010000 		.4byte	.LASF15
 566 00aa 03       		.byte	0x3
 567 00ab D401     		.2byte	0x1d4
 568 00ad 6F000000 		.4byte	0x6f
 569 00b1 04       		.uleb128 0x4
 570 00b2 04       		.byte	0x4
 571 00b3 04       		.byte	0x4
 572 00b4 4C000000 		.4byte	.LASF16
 573 00b8 04       		.uleb128 0x4
 574 00b9 08       		.byte	0x8
 575 00ba 04       		.byte	0x4
 576 00bb 5C010000 		.4byte	.LASF17
 577 00bf 06       		.uleb128 0x6
 578 00c0 5C000000 		.4byte	.LASF18
 579 00c4 03       		.byte	0x3
 580 00c5 7C02     		.2byte	0x27c
 581 00c7 CB000000 		.4byte	0xcb
 582 00cb 07       		.uleb128 0x7
ARM GAS  C:\Users\puria\AppData\Local\Temp\ccaNJG2c.s 			page 17


 583 00cc 8D000000 		.4byte	0x8d
 584 00d0 06       		.uleb128 0x6
 585 00d1 00000000 		.4byte	.LASF19
 586 00d5 03       		.byte	0x3
 587 00d6 7E02     		.2byte	0x27e
 588 00d8 DC000000 		.4byte	0xdc
 589 00dc 07       		.uleb128 0x7
 590 00dd A5000000 		.4byte	0xa5
 591 00e1 08       		.uleb128 0x8
 592 00e2 79000000 		.4byte	.LASF20
 593 00e6 01       		.byte	0x1
 594 00e7 4C       		.byte	0x4c
 595 00e8 00000000 		.4byte	.LFB2
 596 00ec 1E000000 		.4byte	.LFE2-.LFB2
 597 00f0 01       		.uleb128 0x1
 598 00f1 9C       		.byte	0x9c
 599 00f2 0F010000 		.4byte	0x10f
 600 00f6 09       		.uleb128 0x9
 601 00f7 7300     		.ascii	"s\000"
 602 00f9 01       		.byte	0x1
 603 00fa 4C       		.byte	0x4c
 604 00fb 84000000 		.4byte	0x84
 605 00ff 02       		.uleb128 0x2
 606 0100 91       		.byte	0x91
 607 0101 74       		.sleb128 -12
 608 0102 09       		.uleb128 0x9
 609 0103 6E00     		.ascii	"n\000"
 610 0105 01       		.byte	0x1
 611 0106 4C       		.byte	0x4c
 612 0107 2C000000 		.4byte	0x2c
 613 010b 02       		.uleb128 0x2
 614 010c 91       		.byte	0x91
 615 010d 70       		.sleb128 -16
 616 010e 00       		.byte	0
 617 010f 08       		.uleb128 0x8
 618 0110 34020000 		.4byte	.LASF21
 619 0114 01       		.byte	0x1
 620 0115 53       		.byte	0x53
 621 0116 00000000 		.4byte	.LFB3
 622 011a 20000000 		.4byte	.LFE3-.LFB3
 623 011e 01       		.uleb128 0x1
 624 011f 9C       		.byte	0x9c
 625 0120 4D010000 		.4byte	0x14d
 626 0124 0A       		.uleb128 0xa
 627 0125 52000000 		.4byte	.LASF22
 628 0129 01       		.byte	0x1
 629 012a 53       		.byte	0x53
 630 012b 84000000 		.4byte	0x84
 631 012f 02       		.uleb128 0x2
 632 0130 91       		.byte	0x91
 633 0131 74       		.sleb128 -12
 634 0132 09       		.uleb128 0x9
 635 0133 73726300 		.ascii	"src\000"
 636 0137 01       		.byte	0x1
 637 0138 53       		.byte	0x53
 638 0139 4D010000 		.4byte	0x14d
 639 013d 02       		.uleb128 0x2
ARM GAS  C:\Users\puria\AppData\Local\Temp\ccaNJG2c.s 			page 18


 640 013e 91       		.byte	0x91
 641 013f 70       		.sleb128 -16
 642 0140 09       		.uleb128 0x9
 643 0141 6E00     		.ascii	"n\000"
 644 0143 01       		.byte	0x1
 645 0144 53       		.byte	0x53
 646 0145 2C000000 		.4byte	0x2c
 647 0149 02       		.uleb128 0x2
 648 014a 91       		.byte	0x91
 649 014b 6C       		.sleb128 -20
 650 014c 00       		.byte	0
 651 014d 0B       		.uleb128 0xb
 652 014e 04       		.byte	0x4
 653 014f 53010000 		.4byte	0x153
 654 0153 0C       		.uleb128 0xc
 655 0154 08       		.uleb128 0x8
 656 0155 24020000 		.4byte	.LASF23
 657 0159 01       		.byte	0x1
 658 015a 5A       		.byte	0x5a
 659 015b 00000000 		.4byte	.LFB4
 660 015f 20000000 		.4byte	.LFE4-.LFB4
 661 0163 01       		.uleb128 0x1
 662 0164 9C       		.byte	0x9c
 663 0165 92010000 		.4byte	0x192
 664 0169 0A       		.uleb128 0xa
 665 016a 52000000 		.4byte	.LASF22
 666 016e 01       		.byte	0x1
 667 016f 5A       		.byte	0x5a
 668 0170 84000000 		.4byte	0x84
 669 0174 02       		.uleb128 0x2
 670 0175 91       		.byte	0x91
 671 0176 74       		.sleb128 -12
 672 0177 09       		.uleb128 0x9
 673 0178 73726300 		.ascii	"src\000"
 674 017c 01       		.byte	0x1
 675 017d 5A       		.byte	0x5a
 676 017e 4D010000 		.4byte	0x14d
 677 0182 02       		.uleb128 0x2
 678 0183 91       		.byte	0x91
 679 0184 70       		.sleb128 -16
 680 0185 09       		.uleb128 0x9
 681 0186 6E00     		.ascii	"n\000"
 682 0188 01       		.byte	0x1
 683 0189 5A       		.byte	0x5a
 684 018a 2C000000 		.4byte	0x2c
 685 018e 02       		.uleb128 0x2
 686 018f 91       		.byte	0x91
 687 0190 6C       		.sleb128 -20
 688 0191 00       		.byte	0
 689 0192 0D       		.uleb128 0xd
 690 0193 2E000000 		.4byte	.LASF24
 691 0197 01       		.byte	0x1
 692 0198 AD       		.byte	0xad
 693 0199 00000000 		.4byte	.LFB5
 694 019d F0000000 		.4byte	.LFE5-.LFB5
 695 01a1 01       		.uleb128 0x1
 696 01a2 9C       		.byte	0x9c
ARM GAS  C:\Users\puria\AppData\Local\Temp\ccaNJG2c.s 			page 19


 697 01a3 0E       		.uleb128 0xe
 698 01a4 0D000000 		.4byte	.LASF25
 699 01a8 01       		.byte	0x1
 700 01a9 F2       		.byte	0xf2
 701 01aa 00000000 		.4byte	.LFB6
 702 01ae 28000000 		.4byte	.LFE6-.LFB6
 703 01b2 01       		.uleb128 0x1
 704 01b3 9C       		.byte	0x9c
 705 01b4 0F       		.uleb128 0xf
 706 01b5 63010000 		.4byte	.LASF33
 707 01b9 01       		.byte	0x1
 708 01ba 0D01     		.2byte	0x10d
 709 01bc F0000000 		.4byte	.LFB7
 710 01c0 F0000000 		.4byte	.LFE7-.LFB7
 711 01c4 01       		.uleb128 0x1
 712 01c5 9C       		.byte	0x9c
 713 01c6 10       		.uleb128 0x10
 714 01c7 FE000000 		.4byte	.LBB2
 715 01cb 7C000000 		.4byte	.LBE2-.LBB2
 716 01cf 11       		.uleb128 0x11
 717 01d0 06       		.byte	0x6
 718 01d1 01       		.byte	0x1
 719 01d2 1601     		.2byte	0x116
 720 01d4 F3010000 		.4byte	0x1f3
 721 01d8 12       		.uleb128 0x12
 722 01d9 8B010000 		.4byte	.LASF26
 723 01dd 01       		.byte	0x1
 724 01de 1701     		.2byte	0x117
 725 01e0 84000000 		.4byte	0x84
 726 01e4 00       		.byte	0
 727 01e5 12       		.uleb128 0x12
 728 01e6 57000000 		.4byte	.LASF27
 729 01ea 01       		.byte	0x1
 730 01eb 1801     		.2byte	0x118
 731 01ed 99000000 		.4byte	0x99
 732 01f1 04       		.byte	0x4
 733 01f2 00       		.byte	0
 734 01f3 06       		.uleb128 0x6
 735 01f4 AA010000 		.4byte	.LASF28
 736 01f8 01       		.byte	0x1
 737 01f9 1901     		.2byte	0x119
 738 01fb CF010000 		.4byte	0x1cf
 739 01ff 13       		.uleb128 0x13
 740 0200 0F020000 		.4byte	0x20f
 741 0204 0F020000 		.4byte	0x20f
 742 0208 14       		.uleb128 0x14
 743 0209 7D000000 		.4byte	0x7d
 744 020d 01       		.byte	0x1
 745 020e 00       		.byte	0
 746 020f 15       		.uleb128 0x15
 747 0210 F3010000 		.4byte	0x1f3
 748 0214 16       		.uleb128 0x16
 749 0215 1E000000 		.4byte	.LASF29
 750 0219 01       		.byte	0x1
 751 021a 1B01     		.2byte	0x11b
 752 021c 26020000 		.4byte	0x226
 753 0220 05       		.uleb128 0x5
ARM GAS  C:\Users\puria\AppData\Local\Temp\ccaNJG2c.s 			page 20


 754 0221 03       		.byte	0x3
 755 0222 00000000 		.4byte	cfg_memset_list.4884
 756 0226 15       		.uleb128 0x15
 757 0227 FF010000 		.4byte	0x1ff
 758 022b 17       		.uleb128 0x17
 759 022c 6900     		.ascii	"i\000"
 760 022e 01       		.byte	0x1
 761 022f 2101     		.2byte	0x121
 762 0231 8D000000 		.4byte	0x8d
 763 0235 02       		.uleb128 0x2
 764 0236 91       		.byte	0x91
 765 0237 77       		.sleb128 -9
 766 0238 10       		.uleb128 0x10
 767 0239 06010000 		.4byte	.LBB3
 768 023d 3C000000 		.4byte	.LBE3-.LBB3
 769 0241 17       		.uleb128 0x17
 770 0242 6D7300   		.ascii	"ms\000"
 771 0245 01       		.byte	0x1
 772 0246 2601     		.2byte	0x126
 773 0248 4F020000 		.4byte	0x24f
 774 024c 02       		.uleb128 0x2
 775 024d 91       		.byte	0x91
 776 024e 70       		.sleb128 -16
 777 024f 0B       		.uleb128 0xb
 778 0250 04       		.byte	0x4
 779 0251 0F020000 		.4byte	0x20f
 780 0255 00       		.byte	0
 781 0256 00       		.byte	0
 782 0257 00       		.byte	0
 783 0258 00       		.byte	0
 784              		.section	.debug_abbrev,"",%progbits
 785              	.Ldebug_abbrev0:
 786 0000 01       		.uleb128 0x1
 787 0001 11       		.uleb128 0x11
 788 0002 01       		.byte	0x1
 789 0003 25       		.uleb128 0x25
 790 0004 0E       		.uleb128 0xe
 791 0005 13       		.uleb128 0x13
 792 0006 0B       		.uleb128 0xb
 793 0007 03       		.uleb128 0x3
 794 0008 0E       		.uleb128 0xe
 795 0009 1B       		.uleb128 0x1b
 796 000a 0E       		.uleb128 0xe
 797 000b 55       		.uleb128 0x55
 798 000c 17       		.uleb128 0x17
 799 000d 11       		.uleb128 0x11
 800 000e 01       		.uleb128 0x1
 801 000f 10       		.uleb128 0x10
 802 0010 17       		.uleb128 0x17
 803 0011 00       		.byte	0
 804 0012 00       		.byte	0
 805 0013 02       		.uleb128 0x2
 806 0014 24       		.uleb128 0x24
 807 0015 00       		.byte	0
 808 0016 0B       		.uleb128 0xb
 809 0017 0B       		.uleb128 0xb
 810 0018 3E       		.uleb128 0x3e
ARM GAS  C:\Users\puria\AppData\Local\Temp\ccaNJG2c.s 			page 21


 811 0019 0B       		.uleb128 0xb
 812 001a 03       		.uleb128 0x3
 813 001b 08       		.uleb128 0x8
 814 001c 00       		.byte	0
 815 001d 00       		.byte	0
 816 001e 03       		.uleb128 0x3
 817 001f 16       		.uleb128 0x16
 818 0020 00       		.byte	0
 819 0021 03       		.uleb128 0x3
 820 0022 0E       		.uleb128 0xe
 821 0023 3A       		.uleb128 0x3a
 822 0024 0B       		.uleb128 0xb
 823 0025 3B       		.uleb128 0x3b
 824 0026 0B       		.uleb128 0xb
 825 0027 49       		.uleb128 0x49
 826 0028 13       		.uleb128 0x13
 827 0029 00       		.byte	0
 828 002a 00       		.byte	0
 829 002b 04       		.uleb128 0x4
 830 002c 24       		.uleb128 0x24
 831 002d 00       		.byte	0
 832 002e 0B       		.uleb128 0xb
 833 002f 0B       		.uleb128 0xb
 834 0030 3E       		.uleb128 0x3e
 835 0031 0B       		.uleb128 0xb
 836 0032 03       		.uleb128 0x3
 837 0033 0E       		.uleb128 0xe
 838 0034 00       		.byte	0
 839 0035 00       		.byte	0
 840 0036 05       		.uleb128 0x5
 841 0037 0F       		.uleb128 0xf
 842 0038 00       		.byte	0
 843 0039 0B       		.uleb128 0xb
 844 003a 0B       		.uleb128 0xb
 845 003b 00       		.byte	0
 846 003c 00       		.byte	0
 847 003d 06       		.uleb128 0x6
 848 003e 16       		.uleb128 0x16
 849 003f 00       		.byte	0
 850 0040 03       		.uleb128 0x3
 851 0041 0E       		.uleb128 0xe
 852 0042 3A       		.uleb128 0x3a
 853 0043 0B       		.uleb128 0xb
 854 0044 3B       		.uleb128 0x3b
 855 0045 05       		.uleb128 0x5
 856 0046 49       		.uleb128 0x49
 857 0047 13       		.uleb128 0x13
 858 0048 00       		.byte	0
 859 0049 00       		.byte	0
 860 004a 07       		.uleb128 0x7
 861 004b 35       		.uleb128 0x35
 862 004c 00       		.byte	0
 863 004d 49       		.uleb128 0x49
 864 004e 13       		.uleb128 0x13
 865 004f 00       		.byte	0
 866 0050 00       		.byte	0
 867 0051 08       		.uleb128 0x8
ARM GAS  C:\Users\puria\AppData\Local\Temp\ccaNJG2c.s 			page 22


 868 0052 2E       		.uleb128 0x2e
 869 0053 01       		.byte	0x1
 870 0054 03       		.uleb128 0x3
 871 0055 0E       		.uleb128 0xe
 872 0056 3A       		.uleb128 0x3a
 873 0057 0B       		.uleb128 0xb
 874 0058 3B       		.uleb128 0x3b
 875 0059 0B       		.uleb128 0xb
 876 005a 27       		.uleb128 0x27
 877 005b 19       		.uleb128 0x19
 878 005c 11       		.uleb128 0x11
 879 005d 01       		.uleb128 0x1
 880 005e 12       		.uleb128 0x12
 881 005f 06       		.uleb128 0x6
 882 0060 40       		.uleb128 0x40
 883 0061 18       		.uleb128 0x18
 884 0062 9642     		.uleb128 0x2116
 885 0064 19       		.uleb128 0x19
 886 0065 01       		.uleb128 0x1
 887 0066 13       		.uleb128 0x13
 888 0067 00       		.byte	0
 889 0068 00       		.byte	0
 890 0069 09       		.uleb128 0x9
 891 006a 05       		.uleb128 0x5
 892 006b 00       		.byte	0
 893 006c 03       		.uleb128 0x3
 894 006d 08       		.uleb128 0x8
 895 006e 3A       		.uleb128 0x3a
 896 006f 0B       		.uleb128 0xb
 897 0070 3B       		.uleb128 0x3b
 898 0071 0B       		.uleb128 0xb
 899 0072 49       		.uleb128 0x49
 900 0073 13       		.uleb128 0x13
 901 0074 02       		.uleb128 0x2
 902 0075 18       		.uleb128 0x18
 903 0076 00       		.byte	0
 904 0077 00       		.byte	0
 905 0078 0A       		.uleb128 0xa
 906 0079 05       		.uleb128 0x5
 907 007a 00       		.byte	0
 908 007b 03       		.uleb128 0x3
 909 007c 0E       		.uleb128 0xe
 910 007d 3A       		.uleb128 0x3a
 911 007e 0B       		.uleb128 0xb
 912 007f 3B       		.uleb128 0x3b
 913 0080 0B       		.uleb128 0xb
 914 0081 49       		.uleb128 0x49
 915 0082 13       		.uleb128 0x13
 916 0083 02       		.uleb128 0x2
 917 0084 18       		.uleb128 0x18
 918 0085 00       		.byte	0
 919 0086 00       		.byte	0
 920 0087 0B       		.uleb128 0xb
 921 0088 0F       		.uleb128 0xf
 922 0089 00       		.byte	0
 923 008a 0B       		.uleb128 0xb
 924 008b 0B       		.uleb128 0xb
ARM GAS  C:\Users\puria\AppData\Local\Temp\ccaNJG2c.s 			page 23


 925 008c 49       		.uleb128 0x49
 926 008d 13       		.uleb128 0x13
 927 008e 00       		.byte	0
 928 008f 00       		.byte	0
 929 0090 0C       		.uleb128 0xc
 930 0091 26       		.uleb128 0x26
 931 0092 00       		.byte	0
 932 0093 00       		.byte	0
 933 0094 00       		.byte	0
 934 0095 0D       		.uleb128 0xd
 935 0096 2E       		.uleb128 0x2e
 936 0097 00       		.byte	0
 937 0098 03       		.uleb128 0x3
 938 0099 0E       		.uleb128 0xe
 939 009a 3A       		.uleb128 0x3a
 940 009b 0B       		.uleb128 0xb
 941 009c 3B       		.uleb128 0x3b
 942 009d 0B       		.uleb128 0xb
 943 009e 27       		.uleb128 0x27
 944 009f 19       		.uleb128 0x19
 945 00a0 11       		.uleb128 0x11
 946 00a1 01       		.uleb128 0x1
 947 00a2 12       		.uleb128 0x12
 948 00a3 06       		.uleb128 0x6
 949 00a4 40       		.uleb128 0x40
 950 00a5 18       		.uleb128 0x18
 951 00a6 9642     		.uleb128 0x2116
 952 00a8 19       		.uleb128 0x19
 953 00a9 00       		.byte	0
 954 00aa 00       		.byte	0
 955 00ab 0E       		.uleb128 0xe
 956 00ac 2E       		.uleb128 0x2e
 957 00ad 00       		.byte	0
 958 00ae 03       		.uleb128 0x3
 959 00af 0E       		.uleb128 0xe
 960 00b0 3A       		.uleb128 0x3a
 961 00b1 0B       		.uleb128 0xb
 962 00b2 3B       		.uleb128 0x3b
 963 00b3 0B       		.uleb128 0xb
 964 00b4 27       		.uleb128 0x27
 965 00b5 19       		.uleb128 0x19
 966 00b6 11       		.uleb128 0x11
 967 00b7 01       		.uleb128 0x1
 968 00b8 12       		.uleb128 0x12
 969 00b9 06       		.uleb128 0x6
 970 00ba 40       		.uleb128 0x40
 971 00bb 18       		.uleb128 0x18
 972 00bc 9742     		.uleb128 0x2117
 973 00be 19       		.uleb128 0x19
 974 00bf 00       		.byte	0
 975 00c0 00       		.byte	0
 976 00c1 0F       		.uleb128 0xf
 977 00c2 2E       		.uleb128 0x2e
 978 00c3 01       		.byte	0x1
 979 00c4 3F       		.uleb128 0x3f
 980 00c5 19       		.uleb128 0x19
 981 00c6 03       		.uleb128 0x3
ARM GAS  C:\Users\puria\AppData\Local\Temp\ccaNJG2c.s 			page 24


 982 00c7 0E       		.uleb128 0xe
 983 00c8 3A       		.uleb128 0x3a
 984 00c9 0B       		.uleb128 0xb
 985 00ca 3B       		.uleb128 0x3b
 986 00cb 05       		.uleb128 0x5
 987 00cc 27       		.uleb128 0x27
 988 00cd 19       		.uleb128 0x19
 989 00ce 11       		.uleb128 0x11
 990 00cf 01       		.uleb128 0x1
 991 00d0 12       		.uleb128 0x12
 992 00d1 06       		.uleb128 0x6
 993 00d2 40       		.uleb128 0x40
 994 00d3 18       		.uleb128 0x18
 995 00d4 9642     		.uleb128 0x2116
 996 00d6 19       		.uleb128 0x19
 997 00d7 00       		.byte	0
 998 00d8 00       		.byte	0
 999 00d9 10       		.uleb128 0x10
 1000 00da 0B       		.uleb128 0xb
 1001 00db 01       		.byte	0x1
 1002 00dc 11       		.uleb128 0x11
 1003 00dd 01       		.uleb128 0x1
 1004 00de 12       		.uleb128 0x12
 1005 00df 06       		.uleb128 0x6
 1006 00e0 00       		.byte	0
 1007 00e1 00       		.byte	0
 1008 00e2 11       		.uleb128 0x11
 1009 00e3 13       		.uleb128 0x13
 1010 00e4 01       		.byte	0x1
 1011 00e5 0B       		.uleb128 0xb
 1012 00e6 0B       		.uleb128 0xb
 1013 00e7 3A       		.uleb128 0x3a
 1014 00e8 0B       		.uleb128 0xb
 1015 00e9 3B       		.uleb128 0x3b
 1016 00ea 05       		.uleb128 0x5
 1017 00eb 01       		.uleb128 0x1
 1018 00ec 13       		.uleb128 0x13
 1019 00ed 00       		.byte	0
 1020 00ee 00       		.byte	0
 1021 00ef 12       		.uleb128 0x12
 1022 00f0 0D       		.uleb128 0xd
 1023 00f1 00       		.byte	0
 1024 00f2 03       		.uleb128 0x3
 1025 00f3 0E       		.uleb128 0xe
 1026 00f4 3A       		.uleb128 0x3a
 1027 00f5 0B       		.uleb128 0xb
 1028 00f6 3B       		.uleb128 0x3b
 1029 00f7 05       		.uleb128 0x5
 1030 00f8 49       		.uleb128 0x49
 1031 00f9 13       		.uleb128 0x13
 1032 00fa 38       		.uleb128 0x38
 1033 00fb 0B       		.uleb128 0xb
 1034 00fc 00       		.byte	0
 1035 00fd 00       		.byte	0
 1036 00fe 13       		.uleb128 0x13
 1037 00ff 01       		.uleb128 0x1
 1038 0100 01       		.byte	0x1
ARM GAS  C:\Users\puria\AppData\Local\Temp\ccaNJG2c.s 			page 25


 1039 0101 49       		.uleb128 0x49
 1040 0102 13       		.uleb128 0x13
 1041 0103 01       		.uleb128 0x1
 1042 0104 13       		.uleb128 0x13
 1043 0105 00       		.byte	0
 1044 0106 00       		.byte	0
 1045 0107 14       		.uleb128 0x14
 1046 0108 21       		.uleb128 0x21
 1047 0109 00       		.byte	0
 1048 010a 49       		.uleb128 0x49
 1049 010b 13       		.uleb128 0x13
 1050 010c 2F       		.uleb128 0x2f
 1051 010d 0B       		.uleb128 0xb
 1052 010e 00       		.byte	0
 1053 010f 00       		.byte	0
 1054 0110 15       		.uleb128 0x15
 1055 0111 26       		.uleb128 0x26
 1056 0112 00       		.byte	0
 1057 0113 49       		.uleb128 0x49
 1058 0114 13       		.uleb128 0x13
 1059 0115 00       		.byte	0
 1060 0116 00       		.byte	0
 1061 0117 16       		.uleb128 0x16
 1062 0118 34       		.uleb128 0x34
 1063 0119 00       		.byte	0
 1064 011a 03       		.uleb128 0x3
 1065 011b 0E       		.uleb128 0xe
 1066 011c 3A       		.uleb128 0x3a
 1067 011d 0B       		.uleb128 0xb
 1068 011e 3B       		.uleb128 0x3b
 1069 011f 05       		.uleb128 0x5
 1070 0120 49       		.uleb128 0x49
 1071 0121 13       		.uleb128 0x13
 1072 0122 02       		.uleb128 0x2
 1073 0123 18       		.uleb128 0x18
 1074 0124 00       		.byte	0
 1075 0125 00       		.byte	0
 1076 0126 17       		.uleb128 0x17
 1077 0127 34       		.uleb128 0x34
 1078 0128 00       		.byte	0
 1079 0129 03       		.uleb128 0x3
 1080 012a 08       		.uleb128 0x8
 1081 012b 3A       		.uleb128 0x3a
 1082 012c 0B       		.uleb128 0xb
 1083 012d 3B       		.uleb128 0x3b
 1084 012e 05       		.uleb128 0x5
 1085 012f 49       		.uleb128 0x49
 1086 0130 13       		.uleb128 0x13
 1087 0131 02       		.uleb128 0x2
 1088 0132 18       		.uleb128 0x18
 1089 0133 00       		.byte	0
 1090 0134 00       		.byte	0
 1091 0135 00       		.byte	0
 1092              		.section	.debug_aranges,"",%progbits
 1093 0000 44000000 		.4byte	0x44
 1094 0004 0200     		.2byte	0x2
 1095 0006 00000000 		.4byte	.Ldebug_info0
ARM GAS  C:\Users\puria\AppData\Local\Temp\ccaNJG2c.s 			page 26


 1096 000a 04       		.byte	0x4
 1097 000b 00       		.byte	0
 1098 000c 0000     		.2byte	0
 1099 000e 0000     		.2byte	0
 1100 0010 00000000 		.4byte	.LFB2
 1101 0014 1E000000 		.4byte	.LFE2-.LFB2
 1102 0018 00000000 		.4byte	.LFB3
 1103 001c 20000000 		.4byte	.LFE3-.LFB3
 1104 0020 00000000 		.4byte	.LFB4
 1105 0024 20000000 		.4byte	.LFE4-.LFB4
 1106 0028 00000000 		.4byte	.LFB5
 1107 002c F0000000 		.4byte	.LFE5-.LFB5
 1108 0030 00000000 		.4byte	.LFB6
 1109 0034 28000000 		.4byte	.LFE6-.LFB6
 1110 0038 F0000000 		.4byte	.LFB7
 1111 003c F0000000 		.4byte	.LFE7-.LFB7
 1112 0040 00000000 		.4byte	0
 1113 0044 00000000 		.4byte	0
 1114              		.section	.debug_ranges,"",%progbits
 1115              	.Ldebug_ranges0:
 1116 0000 00000000 		.4byte	.LFB2
 1117 0004 1E000000 		.4byte	.LFE2
 1118 0008 00000000 		.4byte	.LFB3
 1119 000c 20000000 		.4byte	.LFE3
 1120 0010 00000000 		.4byte	.LFB4
 1121 0014 20000000 		.4byte	.LFE4
 1122 0018 00000000 		.4byte	.LFB5
 1123 001c F0000000 		.4byte	.LFE5
 1124 0020 00000000 		.4byte	.LFB6
 1125 0024 28000000 		.4byte	.LFE6
 1126 0028 F0000000 		.4byte	.LFB7
 1127 002c E0010000 		.4byte	.LFE7
 1128 0030 00000000 		.4byte	0
 1129 0034 00000000 		.4byte	0
 1130              		.section	.debug_line,"",%progbits
 1131              	.Ldebug_line0:
 1132 0000 6E010000 		.section	.debug_str,"MS",%progbits,1
 1132      0200CB00 
 1132      00000201 
 1132      FB0E0D00 
 1132      01010101 
 1133              	.LASF19:
 1134 0000 72656733 		.ascii	"reg32\000"
 1134      3200
 1135              	.LASF12:
 1136 0006 73697A65 		.ascii	"size_t\000"
 1136      5F7400
 1137              	.LASF25:
 1138 000d 416E616C 		.ascii	"AnalogSetDefault\000"
 1138      6F675365 
 1138      74446566 
 1138      61756C74 
 1138      00
 1139              	.LASF29:
 1140 001e 6366675F 		.ascii	"cfg_memset_list\000"
 1140      6D656D73 
 1140      65745F6C 
ARM GAS  C:\Users\puria\AppData\Local\Temp\ccaNJG2c.s 			page 27


 1140      69737400 
 1141              	.LASF24:
 1142 002e 436C6F63 		.ascii	"ClockSetup\000"
 1142      6B536574 
 1142      757000
 1143              	.LASF6:
 1144 0039 73686F72 		.ascii	"short unsigned int\000"
 1144      7420756E 
 1144      7369676E 
 1144      65642069 
 1144      6E7400
 1145              	.LASF16:
 1146 004c 666C6F61 		.ascii	"float\000"
 1146      7400
 1147              	.LASF22:
 1148 0052 64657374 		.ascii	"dest\000"
 1148      00
 1149              	.LASF27:
 1150 0057 73697A65 		.ascii	"size\000"
 1150      00
 1151              	.LASF18:
 1152 005c 72656738 		.ascii	"reg8\000"
 1152      00
 1153              	.LASF8:
 1154 0061 6C6F6E67 		.ascii	"long unsigned int\000"
 1154      20756E73 
 1154      69676E65 
 1154      6420696E 
 1154      7400
 1155              	.LASF13:
 1156 0073 75696E74 		.ascii	"uint8\000"
 1156      3800
 1157              	.LASF20:
 1158 0079 43594D45 		.ascii	"CYMEMZERO\000"
 1158      4D5A4552 
 1158      4F00
 1159              	.LASF30:
 1160 0083 474E5520 		.ascii	"GNU C11 5.4.1 20160609 (release) [ARM/embedded-5-br"
 1160      43313120 
 1160      352E342E 
 1160      31203230 
 1160      31363036 
 1161 00b6 616E6368 		.ascii	"anch revision 237715] -mcpu=cortex-m0 -mthumb -g -O"
 1161      20726576 
 1161      6973696F 
 1161      6E203233 
 1161      37373135 
 1162 00e9 30202D66 		.ascii	"0 -ffunction-sections -ffat-lto-objects\000"
 1162      66756E63 
 1162      74696F6E 
 1162      2D736563 
 1162      74696F6E 
 1163              	.LASF4:
 1164 0111 756E7369 		.ascii	"unsigned char\000"
 1164      676E6564 
 1164      20636861 
 1164      7200
ARM GAS  C:\Users\puria\AppData\Local\Temp\ccaNJG2c.s 			page 28


 1165              	.LASF32:
 1166 011f 433A5C55 		.ascii	"C:\\Users\\puria\\Documents\\GitHub\\able\\psoc\\mu"
 1166      73657273 
 1166      5C707572 
 1166      69615C44 
 1166      6F63756D 
 1167 014b 6C746963 		.ascii	"lticon_ble.cydsn\000"
 1167      6F6E5F62 
 1167      6C652E63 
 1167      7964736E 
 1167      00
 1168              	.LASF17:
 1169 015c 646F7562 		.ascii	"double\000"
 1169      6C6500
 1170              	.LASF33:
 1171 0163 63796669 		.ascii	"cyfitter_cfg\000"
 1171      74746572 
 1171      5F636667 
 1171      00
 1172              	.LASF14:
 1173 0170 75696E74 		.ascii	"uint16\000"
 1173      313600
 1174              	.LASF15:
 1175 0177 75696E74 		.ascii	"uint32\000"
 1175      333200
 1176              	.LASF0:
 1177 017e 756E7369 		.ascii	"unsigned int\000"
 1177      676E6564 
 1177      20696E74 
 1177      00
 1178              	.LASF26:
 1179 018b 61646472 		.ascii	"address\000"
 1179      65737300 
 1180              	.LASF9:
 1181 0193 6C6F6E67 		.ascii	"long long unsigned int\000"
 1181      206C6F6E 
 1181      6720756E 
 1181      7369676E 
 1181      65642069 
 1182              	.LASF28:
 1183 01aa 6366675F 		.ascii	"cfg_memset_t\000"
 1183      6D656D73 
 1183      65745F74 
 1183      00
 1184              	.LASF10:
 1185 01b7 73697A65 		.ascii	"sizetype\000"
 1185      74797065 
 1185      00
 1186              	.LASF1:
 1187 01c0 6C6F6E67 		.ascii	"long long int\000"
 1187      206C6F6E 
 1187      6720696E 
 1187      7400
 1188              	.LASF11:
 1189 01ce 63686172 		.ascii	"char\000"
 1189      00
 1190              	.LASF5:
ARM GAS  C:\Users\puria\AppData\Local\Temp\ccaNJG2c.s 			page 29


 1191 01d3 73686F72 		.ascii	"short int\000"
 1191      7420696E 
 1191      7400
 1192              	.LASF7:
 1193 01dd 6C6F6E67 		.ascii	"long int\000"
 1193      20696E74 
 1193      00
 1194              	.LASF2:
 1195 01e6 6C6F6E67 		.ascii	"long double\000"
 1195      20646F75 
 1195      626C6500 
 1196              	.LASF3:
 1197 01f2 7369676E 		.ascii	"signed char\000"
 1197      65642063 
 1197      68617200 
 1198              	.LASF31:
 1199 01fe 47656E65 		.ascii	"Generated_Source\\PSoC4\\cyfitter_cfg.c\000"
 1199      72617465 
 1199      645F536F 
 1199      75726365 
 1199      5C50536F 
 1200              	.LASF23:
 1201 0224 4359434F 		.ascii	"CYCONFIGCPYCODE\000"
 1201      4E464947 
 1201      43505943 
 1201      4F444500 
 1202              	.LASF21:
 1203 0234 4359434F 		.ascii	"CYCONFIGCPY\000"
 1203      4E464947 
 1203      43505900 
 1204              		.ident	"GCC: (GNU Tools for ARM Embedded Processors) 5.4.1 20160609 (release) [ARM/embedded-5-bran
